addons-search-detection@mozilla.com,
adikushnir@gmail.com,
agi@inittab.org,
agmartin@debian.org,
alvar@meiko.co.uk,
amazon@search.mozilla.org,
Andrei.Kholodnyi@gmail.com,
andrewia2002@yandex.ru,
aron@debian.org,
bigon@debian.org,
billh@gnome.org,
bing@search.mozilla.org,
birkir@midstod.is,
branden@debian.org,
bryan.quigley@canonical.com,
buchal@brailcom.org,
chlor@schou.dk,
clameter@debian.org,
coscell@gmail.com,
cwendling@hypra.fr,
dave@mielke.cc,
Dave@Mielke.cc,
ddg@search.mozilla.org,
debian-printing@lists.debian.org,
debian-x@lists.debian.org,
default-theme@mozilla.org,
dhowells@redhat.com,
didier@slint.fr,
director@chpi.org,
e2scrub@host.domain.name,
ebay@search.mozilla.org,
ejad@debian.org,
ejka@imfi.kspu.ru,
Elrond@Wunder-Nett.org,
eric@integra-belgium.com,
esperanto-muzeo@wanadoo.fr,
extensions.webextensions.ExtensionStorageIDB.migrated.screenshots@mozilla.org,
filippo@debian.org,
formautofill@mozilla.org,
fudge@thefudge.net,
gcasse@oralux.org,
google@search.mozilla.org,
hmh@debian.org,
hussainmkj@gmail.com,
icons-128x128@2.tar,
icons-64x64@2.tar,
Ikrami@blind.gov.qa,
intrigeri@boum.org,
iwamatsu@debian.org,
jamie@canonical.com,
jmccann@redhat.com,
jmknoble@mercury.interpath.net,
jonathan.davies@canonical.com,
jon@jon.demon.co.uk,
jplejacq@quoininc.com,
jtang@tresys.com,
kahan@informatik.tu-muenchen.de,
kees@ubuntu.com,
kel@otaku42.de,
kirkland@byobu.org,
kurtz.alex@googlemail.com,
Leon.Ungier@ViewPlus.com,
listaddr1@gmx.net,
mario_limonciello@dell.com,
martin.pitt@ubuntu.com,
martin@piware.de,
mick@kulgan.net,
mike@piratehaven.org,
mike.sivill@viewplus.com,
mlang@delysid.org,
mramadan@nattiq.com,
mueller@teamix.net,
musicate@yandex.ru,
nico@fluxnic.net,
no.known.email@example.com,
obert01@mistigri.org,
osamu@debian.org,
pictureinpicture@mozilla.org,
pkg-wpa-devel@lists.alioth.debian.org,
qwant@search.mozilla.org,
rafael@debian.org,
rene@debian.org,
rmurray@debian.org,
robert.ancell@canonical.com,
rob@mars.org,
rpoitevin@hypra.fr,
rq@akl.lt,
ruiandrebatista@gmail.com,
sable@users.sourceforge.net,
samuel.thibault@ens-lyon.org,
screenshots@mozilla.org,
Sebastien.Hinderer@ens-lyon.org,
sjoerd@debian.org,
speechd-discuss@nongnu.org,
steve.beattie@canonical.com,
tadas.matus@gmail.com,
themuso@themuso.com,
themuso@ubuntu.com,
tinaxd@protonmail.com,
tomas.mardsjo@icap.nu,
torma.zsolt@infoalap.hu,
trev.saunders@gmail.com,
tytso@mit.edu,
umac-64@openssh.com,
username@site.domain,
vtsaran@gmail.com,
walters@debian.org,
w.d.hubbs@gmail.com,
webcompat@mozilla.org,
webcompat-reporter@mozilla.org,
wikipedia@search.mozilla.org,
yan@mistigri.org,
